string_input:
	0d00  85 a5   	 sta $a5 	;length
	0d02  8a      	 txa  
	0d03  48      	 pha  
	0d04  98      	 tya  
	0d05  48      	 pha  
	0d06  18      	 clc  
	0d07  20 f0 ff	 jsr $fff0 	;setcrs
	0d0a  20 5c 79	 jsr $795c 	;chkcom
	0d0d  20 af 7a	 jsr $7aaf 	;getpos
	0d10  20 06 0b	 jsr $0b06 	;bank1
	0d13  a0 02   	 ldy #$02 
getit:
	0d15  b1 49   	 lda ($49),y 	;pointer
	0d17  99 fb 00	 sta $00fb,y 	;alowlen
	0d1a  88      	 dey  
	0d1b  10 f8   	 bpl $0d15 	;getit
	0d1d  20 03 0b	 jsr $0b03 	;bank0
get:
	0d20  20 c4 0d	 jsr $0dc4 	;invert
get1:
	0d23  20 e4 ff	 jsr $ffe4 	;getin
	0d26  f0 f8   	 beq $0d20 	;get
	0d28  20 c4 0d	 jsr $0dc4 	;invert
	0d2b  c9 0d   	 cmp #$0d 
	0d2d  f0 19   	 beq $0d48 	;return
	0d2f  ac fb 00	 ldy $00fb 	;alowlen
	0d32  88      	 dey  
compare:
	0d33  20 06 0b	 jsr $0b06 	;bank1
	0d36  d1 fc   	 cmp ($fc),y 	;alowadr
	0d38  20 03 0b	 jsr $0b03 	;bank0
	0d3b  f0 05   	 beq $0d42 	;output
	0d3d  88      	 dey  
	0d3e  10 f3   	 bpl $0d33 	;compare
	0d40  30 de   	 bmi $0d20 	;get
output:
	0d42  20 d2 ff	 jsr $ffd2 	;bsout
	0d45  4c 20 0d	 jmp $0d20 	;get
return:
	0d48  68      	 pla  
	0d49  a8      	 tay  
	0d4a  68      	 pla  
	0d4b  aa      	 tax  
	0d4c  18      	 clc  
	0d4d  20 f0 ff	 jsr $fff0 	;setcrs
	0d50  a5 e1   	 lda $e1 	;lineptr +1
	0d52  85 a4   	 sta $a4 	;startpos +1
	0d54  a5 e0   	 lda $e0 	;lineptr
	0d56  18      	 clc  
	0d57  65 ec   	 adc $ec 	;column
	0d59  85 a3   	 sta $a3 	;startpos
	0d5b  90 02   	 bcc $0d5f 	;startp
	0d5d  e6 a4   	 inc $a4 	;startpos +1
startp:
	0d5f  a4 a5   	 ldy $a5 	;length
	0d61  88      	 dey  
lact:
	0d62  b1 a3   	 lda ($a3),y 	;startpos
	0d64  c9 20   	 cmp #$20 
	0d66  d0 05   	 bne $0d6d 	;okay
	0d68  88      	 dey  
	0d69  c0 ff   	 cpy #$ff 
	0d6b  d0 f5   	 bne $0d62 	;lact
okay:
	0d6d  c8      	 iny  
	0d6e  84 a5   	 sty $a5 	;length
	0d70  20 5c 79	 jsr $795c 	;chkcom
	0d73  20 af 7a	 jsr $7aaf 	;getpos
	0d76  a5 a5   	 lda $a5 	;length
	0d78  20 99 92	 jsr $9299 	;strres
	0d7b  a5 a5   	 lda $a5 	;length
	0d7d  f0 2e   	 beq $0dad 	;update
	0d7f  a9 03   	 lda #$03 
	0d81  aa      	 tax  
	0d82  a8      	 tay  
	0d83  20 ba ff	 jsr $ffba 	;setlfs
	0d86  a9 00   	 lda #$00 
	0d88  20 bd ff	 jsr $ffbd 	;setnam
	0d8b  20 c0 ff	 jsr $ffc0 	;open
	0d8e  a2 03   	 ldx #$03 
	0d90  20 c6 ff	 jsr $ffc6 	;chkin
	0d93  a0 00   	 ldy #$00 
read:
	0d95  20 cf ff	 jsr $ffcf 	;basin
	0d98  20 06 0b	 jsr $0b06 	;bank1
	0d9b  91 35   	 sta ($35),y 
	0d9d  20 03 0b	 jsr $0b03 	;bank0
	0da0  c8      	 iny  
	0da1  c4 a5   	 cpy $a5 	;length
	0da3  d0 f0   	 bne $0d95 	;read
	0da5  20 cc ff	 jsr $ffcc 	;clrch
	0da8  a9 03   	 lda #$03 
	0daa  20 c3 ff	 jsr $ffc3 	;close
update:
	0dad  20 06 0b	 jsr $0b06 	;bank1
desupd:
	0db0  a0 00   	 ldy #$00 
	0db2  a5 a5   	 lda $a5 	;length
	0db4  91 49   	 sta ($49),y 	;pointer
dupd:
	0db6  b9 35 00	 lda $0035,y 	;strend
	0db9  c8      	 iny  
	0dba  91 49   	 sta ($49),y 	;pointer
	0dbc  c0 02   	 cpy #$02 
	0dbe  d0 f6   	 bne $0db6 	;dupd
	0dc0  20 03 0b	 jsr $0b03 	;bank0
	0dc3  60      	 rts  
invert:
	0dc4  48      	 pha  
	0dc5  a4 ec   	 ldy $ec 	;column
	0dc7  b1 e0   	 lda ($e0),y 	;lineptr
	0dc9  49 80   	 eor #$80 
	0dcb  91 e0   	 sta ($e0),y 	;lineptr
	0dcd  68      	 pla  
	0dce  60      	 rts  
